[12:27:48] [ServerMain/INFO]: Environment: Environment[sessionHost=https://sessionserver.mojang.com, servicesHost=https://api.minecraftservices.com, name=PROD]
[12:27:53] [ServerMain/INFO]: Loaded 1290 recipes
[12:27:54] [ServerMain/INFO]: Loaded 1399 advancements
[12:27:55] [Server thread/INFO]: Starting minecraft server version 1.21.1
[12:27:55] [Server thread/INFO]: Loading properties
[12:27:55] [Server thread/INFO]: Default game type: SURVIVAL
[12:27:55] [Server thread/INFO]: Generating keypair
[12:27:55] [Server thread/INFO]: Starting Minecraft server on *:25565
[12:27:55] [Server thread/INFO]: Using epoll channel type
[12:27:55] [Server thread/WARN]: **** SERVER IS RUNNING IN OFFLINE/INSECURE MODE!
[12:27:55] [Server thread/WARN]: The server will make no attempt to authenticate usernames. Beware.
[12:27:55] [Server thread/WARN]: While this makes the game possible to play without internet access, it also opens up the ability for hackers to connect with any username they choose.
[12:27:55] [Server thread/WARN]: To change this, set "online-mode" to "true" in the server.properties file.
[12:27:55] [Server thread/INFO]: Preparing level "world"
[12:28:06] [Server thread/INFO]: Preparing start region for dimension minecraft:overworld
[12:28:07] [Worker-Main-1/INFO]: Preparing spawn area: 0%
[12:28:07] [Worker-Main-1/INFO]: Preparing spawn area: 0%
[12:28:07] [Worker-Main-1/INFO]: Preparing spawn area: 0%
[12:28:07] [Server thread/INFO]: Time elapsed: 1331 ms
[12:28:07] [Server thread/INFO]: Done (11.919s)! For help, type "help"
[12:28:21] [Server thread/INFO]: HabuGandu[/172.17.0.1:57196] logged in with entity id 21 at (19625.726730251416, 126.0, 10901.434268765726)
[12:28:21] [Server thread/INFO]: HabuGandu joined the game
[12:28:48] [Server thread/INFO]: You whisper to HabuGandu: hu kam kru chu pachi ramis tu ram
[12:28:59] [Server thread/INFO]: [Not Secure] <HabuGandu> ok
[12:29:45] [Server thread/INFO]: [HabuGandu: Set own game mode to Creative Mode]
[12:39:41] [Server thread/INFO]: [HabuGandu: Set own game mode to Survival Mode]
[12:39:51] [Server thread/INFO]: You whisper to HabuGandu: jiya rame che???
[12:39:58] [Server thread/INFO]: [Not Secure] <HabuGandu> na
[12:40:08] [Server thread/INFO]: You whisper to HabuGandu: ke chits bnave che??
[12:40:20] [Server thread/INFO]: [Not Secure] <HabuGandu> mobile rame che
[12:40:34] [Server thread/INFO]: [HabuGandu: Set own game mode to Creative Mode]
[12:40:51] [Server thread/INFO]: You whisper to HabuGandu: e bot ne ke vachva nu kre kale exam che
[12:41:13] [Server thread/INFO]: [Not Secure] <HabuGandu> ketlu kidhu pan nai sambhalti
[12:45:06] [Server thread/WARN]: HabuGandu moved too quickly! 1.6491079199004162,4.4940537814897255,8.788918367574297
[12:45:16] [Server thread/INFO]: [HabuGandu: Set the time to 1000]
[13:19:54] [Server thread/INFO]: [HabuGandu: Set own game mode to Survival Mode]
[13:20:10] [Server thread/INFO]: [HabuGandu: Set own game mode to Creative Mode]
[13:25:09] [Server thread/INFO]: [Not Secure] <HabuGandu> 6
[13:29:21] [Server thread/INFO]: [HabuGandu: Set own game mode to Spectator Mode]
[13:29:25] [Server thread/INFO]: [HabuGandu: Set own game mode to Creative Mode]
[13:29:29] [Server thread/INFO]: [HabuGandu: Set own game mode to Spectator Mode]
[13:29:32] [Server thread/INFO]: [HabuGandu: Set own game mode to Creative Mode]
[13:44:06] [Server thread/INFO]: [HabuGandu: Set own game mode to Spectator Mode]
[13:44:12] [Server thread/INFO]: [HabuGandu: Set own game mode to Survival Mode]
[13:44:41] [Server thread/INFO]: [HabuGandu: Set own game mode to Creative Mode]
[13:45:24] [Server thread/WARN]: HabuGandu moved too quickly! 9.50322728005267,3.789813278069289,1.0286465714543738
[13:52:16] [Server thread/INFO]: You whisper to HabuGandu: did jiyu doggy joined the server??
[13:52:37] [Server thread/INFO]: [Not Secure] <HabuGandu> kare che
[13:52:56] [Server thread/INFO]: You whisper to HabuGandu: jiyu doggy bussy eating sabu and ariel
[13:53:08] [Server thread/INFO]: [Not Secure] <HabuGandu> yes
[13:53:14] [Server thread/INFO]: [Not Secure] <HabuGandu> 2 packs complete
[13:53:19] [Server thread/INFO]: Drakii27[/172.17.0.1:43750] logged in with entity id 10488 at (19736.055182328593, 117.5625, 10950.37429230312)
[13:53:19] [Server thread/INFO]: Drakii27 joined the game
[13:53:37] [Server thread/INFO]: You whisper to HabuGandu: jiyu doggy joined the server
[13:53:37] [Server thread/INFO]: You whisper to Drakii27: jiyu doggy joined the server
[13:54:01] [Server thread/INFO]: You whisper to HabuGandu: hiiiiii  jiyu doggy
[13:54:01] [Server thread/INFO]: You whisper to Drakii27: hiiiiii  jiyu doggy
[13:54:21] [Server thread/INFO]: Unknown or incomplete command, see below for error
[13:54:21] [Server thread/INFO]: brroadcast<--[HERE]
[13:54:25] [Server thread/INFO]: [Not Secure] <HabuGandu> personal chat kare che tu
[13:54:36] [Server thread/INFO]: Unknown or incomplete command, see below for error
[13:54:36] [Server thread/INFO]: hi'<--[HERE]
[13:55:08] [Server thread/INFO]: No player was found
[13:55:42] [Server thread/INFO]: Unknown or incomplete command, see below for error
[13:55:42] [Server thread/INFO]: broadcast aa open chat ma ayu aa msg??<--[HERE]
[13:56:41] [Server thread/INFO]: [Not Secure] [Server] jo to heril aa msg me kryo e private ma ayo ke open ma??
[13:57:23] [Server thread/INFO]: Drakii27 was slain by Zombie
[13:57:37] [Server thread/INFO]: [Not Secure] [Server] heril???
[13:57:51] [Server thread/INFO]: Drakii27 lost connection: Disconnected
[13:57:51] [Server thread/INFO]: Drakii27 left the game
[13:57:58] [Server thread/INFO]: HabuGandu lost connection: Disconnected
[13:57:58] [Server thread/INFO]: HabuGandu left the game
[14:01:39] [Server thread/INFO]: theHULK[/172.17.0.1:48718] logged in with entity id 11382 at (19718.21845402756, 118.0, 10942.762499988079)
[14:01:39] [Server thread/INFO]: theHULK joined the game
[14:01:58] [Server thread/INFO]: [Not Secure] [Server] hiiii
[14:02:39] [Server thread/INFO]: [Not Secure] [Server] hi jjjjjjjjjjjooooooooooo
[14:02:58] [Server thread/INFO]: You whisper to theHULK: jkdbvjbdvbsbdbvjdjvbdvsjvd
[14:03:09] [Server thread/INFO]: [Not Secure] [Server] djdvldvjdnvkldlvsnlvndlvn
[14:03:15] [Server thread/INFO]: theHULK lost connection: Disconnected
[14:03:15] [Server thread/INFO]: theHULK left the game
[14:27:04] [Server thread/INFO]: Stopping the server
[14:27:04] [Server thread/INFO]: Stopping server
[14:27:04] [Server thread/INFO]: Saving players
[14:27:04] [Server thread/INFO]: Saving worlds
[14:27:04] [Server thread/INFO]: Saving chunks for level 'ServerLevel[New World A4]'/minecraft:overworld
[14:27:04] [Server thread/INFO]: Saving chunks for level 'ServerLevel[New World A4]'/minecraft:the_end
[14:27:04] [Server thread/INFO]: Saving chunks for level 'ServerLevel[New World A4]'/minecraft:the_nether
[14:27:04] [Server thread/INFO]: ThreadedAnvilChunkStorage (world): All chunks are saved
[14:27:04] [Server thread/INFO]: ThreadedAnvilChunkStorage (DIM1): All chunks are saved
[14:27:04] [Server thread/INFO]: ThreadedAnvilChunkStorage (DIM-1): All chunks are saved
[14:27:04] [Server thread/INFO]: ThreadedAnvilChunkStorage: All dimensions are saved
