[10:26:39] [ServerMain/INFO]: Environment: Environment[sessionHost=https://sessionserver.mojang.com, servicesHost=https://api.minecraftservices.com, name=PROD]
[10:26:45] [ServerMain/INFO]: Loaded 1290 recipes
[10:26:46] [ServerMain/INFO]: Loaded 1399 advancements
[10:26:47] [Server thread/INFO]: Starting minecraft server version 1.21.1
[10:26:47] [Server thread/INFO]: Loading properties
[10:26:47] [Server thread/INFO]: Default game type: SURVIVAL
[10:26:47] [Server thread/INFO]: Generating keypair
[10:26:47] [Server thread/INFO]: Starting Minecraft server on *:25565
[10:26:47] [Server thread/INFO]: Using epoll channel type
[10:26:47] [Server thread/WARN]: **** SERVER IS RUNNING IN OFFLINE/INSECURE MODE!
[10:26:47] [Server thread/WARN]: The server will make no attempt to authenticate usernames. Beware.
[10:26:47] [Server thread/WARN]: While this makes the game possible to play without internet access, it also opens up the ability for hackers to connect with any username they choose.
[10:26:47] [Server thread/WARN]: To change this, set "online-mode" to "true" in the server.properties file.
[10:26:47] [Server thread/INFO]: Preparing level "world"
[10:26:54] [Server thread/INFO]: Preparing start region for dimension minecraft:overworld
[10:26:55] [Worker-Main-1/INFO]: Preparing spawn area: 0%
[10:26:55] [Worker-Main-1/INFO]: Preparing spawn area: 0%
[10:26:55] [Server thread/INFO]: Time elapsed: 771 ms
[10:26:55] [Server thread/INFO]: Done (7.983s)! For help, type "help"
[10:26:55] [Server thread/INFO]: Stopping the server
[10:26:55] [Server thread/INFO]: Stopping server
[10:26:55] [Server thread/INFO]: Saving players
[10:26:55] [Server thread/INFO]: Saving worlds
[10:26:56] [Server thread/INFO]: Saving chunks for level 'ServerLevel[world]'/minecraft:overworld
[10:26:56] [Server thread/INFO]: Saving chunks for level 'ServerLevel[world]'/minecraft:the_nether
[10:26:56] [Server thread/INFO]: Saving chunks for level 'ServerLevel[world]'/minecraft:the_end
[10:26:56] [Server thread/INFO]: ThreadedAnvilChunkStorage (world): All chunks are saved
[10:26:56] [Server thread/INFO]: ThreadedAnvilChunkStorage (DIM-1): All chunks are saved
[10:26:56] [Server thread/INFO]: ThreadedAnvilChunkStorage (DIM1): All chunks are saved
[10:26:56] [Server thread/INFO]: ThreadedAnvilChunkStorage: All dimensions are saved
